AArch32 mode switch from svc to irq PC 0x40010000
AArch32 mode switch from irq to fiq PC 0x40010008
AArch32 mode switch from fiq to abt PC 0x40010014
AArch32 mode switch from abt to und PC 0x40010020
AArch32 mode switch from und to svc PC 0x4001002c
AArch32 mode switch from svc to sys PC 0x40010038
Taking exception 5 [IRQ] on CPU 0
...from EL1 to EL1
...with ESR 0x0/0x3820000
Exception return from AArch32 irq to sys PC 0x4001008c
Taking exception 5 [IRQ] on CPU 0
...from EL1 to EL1
...with ESR 0x0/0x3820000
Exception return from AArch32 irq to sys PC 0x4001008c
Taking exception 5 [IRQ] on CPU 0
...from EL1 to EL1
...with ESR 0x0/0x3820000
Exception return from AArch32 irq to sys PC 0x4001008c
Taking exception 5 [IRQ] on CPU 0
...from EL1 to EL1
...with ESR 0x0/0x3830000
Exception return from AArch32 irq to sys PC 0x4001008c
Taking exception 5 [IRQ] on CPU 0
...from EL1 to EL1
...with ESR 0x0/0x3820000
Exception return from AArch32 irq to sys PC 0x4001008c
Taking exception 5 [IRQ] on CPU 0
...from EL1 to EL1
...with ESR 0x0/0x3820000
Exception return from AArch32 irq to sys PC 0x4001008c
Taking exception 5 [IRQ] on CPU 0
...from EL1 to EL1
...with ESR 0x0/0x3820000
Exception return from AArch32 irq to sys PC 0x4001008c
Taking exception 5 [IRQ] on CPU 0
...from EL1 to EL1
...with ESR 0x0/0x3830000
Exception return from AArch32 irq to sys PC 0x4001008c
Taking exception 5 [IRQ] on CPU 0
...from EL1 to EL1
...with ESR 0x0/0x3820000
Exception return from AArch32 irq to sys PC 0x4001008c
Taking exception 5 [IRQ] on CPU 0
...from EL1 to EL1
...with ESR 0x0/0x3830000
Exception return from AArch32 irq to sys PC 0x4001008c
Taking exception 5 [IRQ] on CPU 0
...from EL1 to EL1
...with ESR 0x0/0x3820000
Exception return from AArch32 irq to sys PC 0x4001008c
Taking exception 5 [IRQ] on CPU 0
...from EL1 to EL1
...with ESR 0x0/0x3830000
Exception return from AArch32 irq to sys PC 0x4001008c
Taking exception 5 [IRQ] on CPU 0
...from EL1 to EL1
...with ESR 0x0/0x3830000
Exception return from AArch32 irq to sys PC 0x4001008c
Taking exception 5 [IRQ] on CPU 0
...from EL1 to EL1
...with ESR 0x0/0x3820000
Exception return from AArch32 irq to sys PC 0x4001008c
Taking exception 5 [IRQ] on CPU 0
...from EL1 to EL1
...with ESR 0x0/0x3820000
Exception return from AArch32 irq to sys PC 0x4001008c
Taking exception 5 [IRQ] on CPU 0
...from EL1 to EL1
...with ESR 0x0/0x3830000
Exception return from AArch32 irq to sys PC 0x4001008c
Taking exception 5 [IRQ] on CPU 0
...from EL1 to EL1
...with ESR 0x0/0x3820000
Exception return from AArch32 irq to sys PC 0x4001008c
Taking exception 5 [IRQ] on CPU 0
...from EL1 to EL1
...with ESR 0x0/0x3830000
Exception return from AArch32 irq to sys PC 0x4001008c
Taking exception 5 [IRQ] on CPU 0
...from EL1 to EL1
...with ESR 0x0/0x3820000
Exception return from AArch32 irq to sys PC 0x4001008c
Taking exception 5 [IRQ] on CPU 0
...from EL1 to EL1
...with ESR 0x0/0x3820000
Exception return from AArch32 irq to sys PC 0x4001008c
Taking exception 5 [IRQ] on CPU 0
...from EL1 to EL1
...with ESR 0x0/0x3820000
Exception return from AArch32 irq to sys PC 0x4001008c
Taking exception 5 [IRQ] on CPU 0
...from EL1 to EL1
...with ESR 0x0/0x3830000
Exception return from AArch32 irq to sys PC 0x4001008c
Taking exception 5 [IRQ] on CPU 0
...from EL1 to EL1
...with ESR 0x0/0x3820000
Exception return from AArch32 irq to sys PC 0x4001008c
Taking exception 5 [IRQ] on CPU 0
...from EL1 to EL1
...with ESR 0x0/0x3820000
Exception return from AArch32 irq to sys PC 0x4001008c
Taking exception 5 [IRQ] on CPU 0
...from EL1 to EL1
...with ESR 0x0/0x3820000
Exception return from AArch32 irq to sys PC 0x4001008c
Taking exception 5 [IRQ] on CPU 0
...from EL1 to EL1
...with ESR 0x0/0x3820000
Exception return from AArch32 irq to sys PC 0x4001008c
Taking exception 5 [IRQ] on CPU 0
...from EL1 to EL1
...with ESR 0x0/0x3820000
Exception return from AArch32 irq to sys PC 0x4001008c
Taking exception 5 [IRQ] on CPU 0
...from EL1 to EL1
...with ESR 0x0/0x3830000
Exception return from AArch32 irq to sys PC 0x4001008c
Taking exception 5 [IRQ] on CPU 0
...from EL1 to EL1
...with ESR 0x0/0x3830000
Exception return from AArch32 irq to sys PC 0x4001008c
Taking exception 5 [IRQ] on CPU 0
...from EL1 to EL1
...with ESR 0x0/0x3820000
Exception return from AArch32 irq to sys PC 0x4001008c
Taking exception 5 [IRQ] on CPU 0
...from EL1 to EL1
...with ESR 0x0/0x3830000
Exception return from AArch32 irq to sys PC 0x4001008c
Taking exception 5 [IRQ] on CPU 0
...from EL1 to EL1
...with ESR 0x0/0x3820000
Exception return from AArch32 irq to sys PC 0x4001008c
Taking exception 5 [IRQ] on CPU 0
...from EL1 to EL1
...with ESR 0x0/0x3820000
Exception return from AArch32 irq to sys PC 0x4001008c
Taking exception 5 [IRQ] on CPU 0
...from EL1 to EL1
...with ESR 0x0/0x3830000
Exception return from AArch32 irq to sys PC 0x4001008c
Taking exception 5 [IRQ] on CPU 0
...from EL1 to EL1
...with ESR 0x0/0x3820000
Exception return from AArch32 irq to sys PC 0x4001008c
Taking exception 5 [IRQ] on CPU 0
...from EL1 to EL1
...with ESR 0x0/0x3820000
Exception return from AArch32 irq to sys PC 0x4001008c
Taking exception 5 [IRQ] on CPU 0
...from EL1 to EL1
...with ESR 0x0/0x3830000
Exception return from AArch32 irq to sys PC 0x4001008c
Taking exception 5 [IRQ] on CPU 0
...from EL1 to EL1
...with ESR 0x0/0x3820000
Exception return from AArch32 irq to sys PC 0x4001008c
Taking exception 5 [IRQ] on CPU 0
...from EL1 to EL1
...with ESR 0x0/0x3830000
Exception return from AArch32 irq to sys PC 0x4001008c
Taking exception 5 [IRQ] on CPU 0
...from EL1 to EL1
...with ESR 0x0/0x3820000
Exception return from AArch32 irq to sys PC 0x4001008c
Taking exception 5 [IRQ] on CPU 0
...from EL1 to EL1
...with ESR 0x0/0x3830000
Exception return from AArch32 irq to sys PC 0x4001008c
Taking exception 5 [IRQ] on CPU 0
...from EL1 to EL1
...with ESR 0x0/0x3830000
Exception return from AArch32 irq to sys PC 0x4001008c
Taking exception 5 [IRQ] on CPU 0
...from EL1 to EL1
...with ESR 0x0/0x3820000
Exception return from AArch32 irq to sys PC 0x4001008c
Taking exception 5 [IRQ] on CPU 0
...from EL1 to EL1
...with ESR 0x0/0x3820000
Exception return from AArch32 irq to sys PC 0x4001008c
Taking exception 5 [IRQ] on CPU 0
...from EL1 to EL1
...with ESR 0x0/0x3830000
Exception return from AArch32 irq to sys PC 0x4001008c
Taking exception 5 [IRQ] on CPU 0
...from EL1 to EL1
...with ESR 0x0/0x3830000
Exception return from AArch32 irq to sys PC 0x4001008c
Taking exception 5 [IRQ] on CPU 0
...from EL1 to EL1
...with ESR 0x0/0x3820000
Exception return from AArch32 irq to sys PC 0x4001008c
Taking exception 5 [IRQ] on CPU 0
...from EL1 to EL1
...with ESR 0x0/0x3820000
Exception return from AArch32 irq to sys PC 0x4001008c
Taking exception 5 [IRQ] on CPU 0
...from EL1 to EL1
...with ESR 0x0/0x3830000
Exception return from AArch32 irq to sys PC 0x4001008c
Taking exception 5 [IRQ] on CPU 0
...from EL1 to EL1
...with ESR 0x0/0x3820000
Exception return from AArch32 irq to sys PC 0x4001008c
Taking exception 5 [IRQ] on CPU 0
...from EL1 to EL1
...with ESR 0x0/0x3830000
Exception return from AArch32 irq to sys PC 0x4001008c
Taking exception 5 [IRQ] on CPU 0
...from EL1 to EL1
...with ESR 0x0/0x3820000
Exception return from AArch32 irq to sys PC 0x4001008c
Taking exception 5 [IRQ] on CPU 0
...from EL1 to EL1
...with ESR 0x0/0x3830000
Exception return from AArch32 irq to sys PC 0x4001008c
Taking exception 5 [IRQ] on CPU 0
...from EL1 to EL1
...with ESR 0x0/0x3820000
Exception return from AArch32 irq to sys PC 0x4001008c
Taking exception 5 [IRQ] on CPU 0
...from EL1 to EL1
...with ESR 0x0/0x3830000
Exception return from AArch32 irq to sys PC 0x4001008c
